// Jest Snapshot v1, https://goo.gl/fbAQLP

exports[`Button renders with minimun props 1`] = `
<View
  accessibilityComponentType={undefined}
  accessibilityLabel={undefined}
  accessibilityTraits={undefined}
  accessible={true}
  collapsable={undefined}
  hitSlop={undefined}
  nativeID={undefined}
  onLayout={undefined}
  onResponderGrant={[Function]}
  onResponderMove={[Function]}
  onResponderRelease={[Function]}
  onResponderTerminate={[Function]}
  onResponderTerminationRequest={[Function]}
  onStartShouldSetResponder={[Function]}
  style={
    Object {
      "backgroundColor": "#fff",
      "borderColor": "#cacaca",
      "borderStyle": "solid",
      "borderWidth": 1,
      "marginBottom": 5,
      "marginLeft": 10,
      "marginRight": 10,
      "marginTop": 5,
      "paddingBottom": 10,
      "paddingLeft": 10,
      "paddingRight": 10,
      "paddingTop": 10,
      "transform": Array [
        Object {
          "scaleX": 1,
        },
        Object {
          "scaleY": 1,
        },
      ],
    }
  }
  testID={undefined}
>
  <View
    open={false}
    style={
      Array [
        Object {
          "alignItems": "center",
          "flexDirection": "row",
        },
        undefined,
      ]
    }
  >
    <View
      open={false}
      style={
        Array [
          Object {
            "alignItems": "center",
            "flexDirection": "row",
          },
          Array [
            Object {
              "marginBottom": 0,
            },
            Object {
              "width": "45%",
            },
          ],
        ]
      }
    >
      <Image
        source={
          Object {
            "testUri": "../../../src/img/place.png",
          }
        }
        style={
          Array [
            Object {
              "height": 16,
              "marginRight": 10,
              "width": 16,
            },
            undefined,
          ]
        }
      />
      <Text
        accessible={true}
        allowFontScaling={true}
        ellipsizeMode="tail"
        style={
          Array [
            Object {
              "alignSelf": "flex-start",
              "color": "#000",
              "fontSize": 16,
            },
            undefined,
          ]
        }
      />
    </View>
    <View
      open={false}
      style={
        Array [
          Object {
            "alignItems": "center",
            "flexDirection": "row",
          },
          Array [
            Object {
              "marginBottom": 0,
            },
            Object {
              "width": "55%",
            },
          ],
        ]
      }
    >
      <Image
        source={
          Object {
            "testUri": "../../../src/img/time.png",
          }
        }
        style={
          Array [
            Object {
              "height": 16,
              "marginRight": 10,
              "width": 16,
            },
            undefined,
          ]
        }
      />
      <Text
        accessible={true}
        allowFontScaling={true}
        ellipsizeMode="tail"
        style={
          Array [
            Object {
              "alignSelf": "flex-start",
              "color": "#000",
              "fontSize": 16,
            },
            undefined,
          ]
        }
      >
        01.02.2000 1:01
      </Text>
    </View>
  </View>
</View>
`;
